[   17247ms] [INFO] %cDownload the React DevTools for a better development experience: https://react.dev/link/react-devtools font-weight:bold @ http://localhost:3000/_next/static/chunks/009s_next_dist_0dsjh44._.js:2431
[   17402ms] [LOG] [HMR] connected @ http://localhost:3000/_next/static/chunks/009s_next_dist_0dsjh44._.js:2431
[   17957ms] [INFO] %cDownload the React DevTools for a better development experience: https://react.dev/link/react-devtools font-weight:bold @ http://localhost:3000/_next/static/chunks/009s_next_dist_0dsjh44._.js:2431
[   17982ms] [LOG] [HMR] connected @ http://localhost:3000/_next/static/chunks/009s_next_dist_0dsjh44._.js:2431
[   18491ms] [INFO] %cDownload the React DevTools for a better development experience: https://react.dev/link/react-devtools font-weight:bold @ http://localhost:3000/_next/static/chunks/009s_next_dist_0dsjh44._.js:2431
[   18521ms] [LOG] [HMR] connected @ http://localhost:3000/_next/static/chunks/009s_next_dist_0dsjh44._.js:2431
[   28297ms] [ERROR] Failed to load resource: the server responded with a status of 401 (Unauthorized) @ http://localhost:1800/auth/login:0
[   29877ms] [ERROR] Failed to load resource: the server responded with a status of 401 (Unauthorized) @ http://localhost:1800/auth/login:0
[   31448ms] [ERROR] Failed to load resource: the server responded with a status of 401 (Unauthorized) @ http://localhost:1800/auth/login:0
[   33257ms] [INFO] Images loaded lazily and replaced with placeholders. Load events are deferred. See https://go.microsoft.com/fwlink/?linkid=2048113 @ http://localhost:3000/login?from=%2Fproducts%2Fcategories:0
[   48669ms] [LOG] [Fast Refresh] rebuilding @ http://localhost:3000/_next/static/chunks/009s_next_dist_0dsjh44._.js:2431
[   48850ms] [INFO] %cDownload the React DevTools for a better development experience: https://react.dev/link/react-devtools font-weight:bold @ http://localhost:3000/_next/static/chunks/009s_next_dist_0dsjh44._.js:2431
[   48903ms] [LOG] [HMR] connected @ http://localhost:3000/_next/static/chunks/009s_next_dist_0dsjh44._.js:2431
[   49433ms] [INFO] %cDownload the React DevTools for a better development experience: https://react.dev/link/react-devtools font-weight:bold @ http://localhost:3000/_next/static/chunks/009s_next_dist_0dsjh44._.js:2431
[   49486ms] [LOG] [HMR] connected @ http://localhost:3000/_next/static/chunks/009s_next_dist_0dsjh44._.js:2431
[   76536ms] [INFO] %cDownload the React DevTools for a better development experience: https://react.dev/link/react-devtools font-weight:bold @ http://localhost:3000/_next/static/chunks/009s_next_dist_0dsjh44._.js:2431
[   76592ms] [LOG] [HMR] connected @ http://localhost:3000/_next/static/chunks/009s_next_dist_0dsjh44._.js:2431
[   85837ms] [INFO] %cDownload the React DevTools for a better development experience: https://react.dev/link/react-devtools font-weight:bold @ http://localhost:3000/_next/static/chunks/009s_next_dist_0dsjh44._.js:2431
[   85868ms] [LOG] [HMR] connected @ http://localhost:3000/_next/static/chunks/009s_next_dist_0dsjh44._.js:2431
[   96941ms] [INFO] %cDownload the React DevTools for a better development experience: https://react.dev/link/react-devtools font-weight:bold @ http://localhost:3000/_next/static/chunks/009s_next_dist_0dsjh44._.js:2431
[   96995ms] [LOG] [HMR] connected @ http://localhost:3000/_next/static/chunks/009s_next_dist_0dsjh44._.js:2431
[  100256ms] [INFO] Images loaded lazily and replaced with placeholders. Load events are deferred. See https://go.microsoft.com/fwlink/?linkid=2048113 @ http://localhost:3000/dashboard:0
[  100375ms] [INFO] %cDownload the React DevTools for a better development experience: https://react.dev/link/react-devtools font-weight:bold @ http://localhost:3000/_next/static/chunks/009s_next_dist_0dsjh44._.js:2431
[  100442ms] [LOG] [HMR] connected @ http://localhost:3000/_next/static/chunks/009s_next_dist_0dsjh44._.js:2431
[  112549ms] [LOG] [Fast Refresh] rebuilding @ http://localhost:3000/_next/static/chunks/009s_next_dist_0dsjh44._.js:2431
[  112568ms] [LOG] [Fast Refresh] done in 133ms @ http://localhost:3000/_next/static/chunks/009s_next_dist_0dsjh44._.js:2431
[  112837ms] [INFO] %cDownload the React DevTools for a better development experience: https://react.dev/link/react-devtools font-weight:bold @ http://localhost:3000/_next/static/chunks/009s_next_dist_0dsjh44._.js:2431
[  112866ms] [LOG] [HMR] connected @ http://localhost:3000/_next/static/chunks/009s_next_dist_0dsjh44._.js:2431
[  113099ms] [ERROR] Failed to load resource: the server responded with a status of 401 (Unauthorized) @ http://localhost:1800/products?pageNumber=1&pageSize=12:0
[  113099ms] [ERROR] Failed to load resource: the server responded with a status of 401 (Unauthorized) @ http://localhost:1800/products/categories?isActive=true&pageNumber=1&pageSize=8:0
[  113977ms] [ERROR] Failed to load resource: the server responded with a status of 401 (Unauthorized) @ http://localhost:1800/products?pageNumber=1&pageSize=12:0
[  114254ms] [INFO] %cDownload the React DevTools for a better development experience: https://react.dev/link/react-devtools font-weight:bold @ http://localhost:3000/_next/static/chunks/009s_next_dist_0dsjh44._.js:2431
[  114279ms] [LOG] [HMR] connected @ http://localhost:3000/_next/static/chunks/009s_next_dist_0dsjh44._.js:2431
[  129579ms] [INFO] %cDownload the React DevTools for a better development experience: https://react.dev/link/react-devtools font-weight:bold @ http://localhost:3000/_next/static/chunks/009s_next_dist_0dsjh44._.js:2431
[  129636ms] [LOG] [HMR] connected @ http://localhost:3000/_next/static/chunks/009s_next_dist_0dsjh44._.js:2431
[  130177ms] [INFO] Images loaded lazily and replaced with placeholders. Load events are deferred. See https://go.microsoft.com/fwlink/?linkid=2048113 @ http://localhost:3000/login:0
[  130572ms] [INFO] Images loaded lazily and replaced with placeholders. Load events are deferred. See https://go.microsoft.com/fwlink/?linkid=2048113 @ http://localhost:3000/dashboard:0
[  130699ms] [INFO] %cDownload the React DevTools for a better development experience: https://react.dev/link/react-devtools font-weight:bold @ http://localhost:3000/_next/static/chunks/009s_next_dist_0dsjh44._.js:2431
[  130734ms] [LOG] [HMR] connected @ http://localhost:3000/_next/static/chunks/009s_next_dist_0dsjh44._.js:2431
[  131044ms] [ERROR] Failed to load resource: the server responded with a status of 503 (Service Unavailable) @ http://localhost:1800/auth/refresh:0
[  133529ms] [INFO] Images loaded lazily and replaced with placeholders. Load events are deferred. See https://go.microsoft.com/fwlink/?linkid=2048113 @ http://localhost:3000/dashboard:0
[  133665ms] [INFO] %cDownload the React DevTools for a better development experience: https://react.dev/link/react-devtools font-weight:bold @ http://localhost:3000/_next/static/chunks/009s_next_dist_0dsjh44._.js:2431
[  133695ms] [LOG] [HMR] connected @ http://localhost:3000/_next/static/chunks/009s_next_dist_0dsjh44._.js:2431
[  133985ms] [ERROR] Failed to load resource: the server responded with a status of 401 (Unauthorized) @ http://localhost:1800/auth/refresh:0
[  134264ms] [INFO] %cDownload the React DevTools for a better development experience: https://react.dev/link/react-devtools font-weight:bold @ http://localhost:3000/_next/static/chunks/009s_next_dist_0dsjh44._.js:2431
[  134291ms] [LOG] [HMR] connected @ http://localhost:3000/_next/static/chunks/009s_next_dist_0dsjh44._.js:2431
[  148443ms] [INFO] %cDownload the React DevTools for a better development experience: https://react.dev/link/react-devtools font-weight:bold @ http://localhost:3000/_next/static/chunks/009s_next_dist_0dsjh44._.js:2431
[  148508ms] [LOG] [HMR] connected @ http://localhost:3000/_next/static/chunks/009s_next_dist_0dsjh44._.js:2431
[  149190ms] [INFO] Images loaded lazily and replaced with placeholders. Load events are deferred. See https://go.microsoft.com/fwlink/?linkid=2048113 @ http://localhost:3000/login:0
[  151452ms] [INFO] %cDownload the React DevTools for a better development experience: https://react.dev/link/react-devtools font-weight:bold @ http://localhost:3000/_next/static/chunks/009s_next_dist_0dsjh44._.js:2431
[  151496ms] [LOG] [HMR] connected @ http://localhost:3000/_next/static/chunks/009s_next_dist_0dsjh44._.js:2431
[  166163ms] [INFO] %cDownload the React DevTools for a better development experience: https://react.dev/link/react-devtools font-weight:bold @ http://localhost:3000/_next/static/chunks/009s_next_dist_0dsjh44._.js:2431
[  166193ms] [LOG] [HMR] connected @ http://localhost:3000/_next/static/chunks/009s_next_dist_0dsjh44._.js:2431
[  166494ms] [ERROR] Failed to load resource: net::ERR_CONNECTION_REFUSED @ http://localhost:1800/auth/login:0
[  172754ms] [ERROR] Failed to load resource: the server responded with a status of 401 (Unauthorized) @ http://localhost:1800/auth/login:0
[  181922ms] [INFO] %cDownload the React DevTools for a better development experience: https://react.dev/link/react-devtools font-weight:bold @ http://localhost:3000/_next/static/chunks/009s_next_dist_0dsjh44._.js:2431
[  181953ms] [LOG] [HMR] connected @ http://localhost:3000/_next/static/chunks/009s_next_dist_0dsjh44._.js:2431
[  182269ms] [ERROR] Failed to load resource: net::ERR_CONNECTION_REFUSED @ http://localhost:1800/auth/login:0
[  671247ms] [LOG] [Fast Refresh] rebuilding @ http://localhost:3000/_next/static/chunks/009s_next_dist_0dsjh44._.js:2431
[  674412ms] [LOG] [Fast Refresh] done in 3246ms @ http://localhost:3000/_next/static/chunks/009s_next_dist_0dsjh44._.js:2431
[  674587ms] [LOG] [Fast Refresh] rebuilding @ http://localhost:3000/_next/static/chunks/009s_next_dist_0dsjh44._.js:2431
[  674619ms] [LOG] [Fast Refresh] done in 144ms @ http://localhost:3000/_next/static/chunks/009s_next_dist_0dsjh44._.js:2431
[  674735ms] [LOG] [Fast Refresh] rebuilding @ http://localhost:3000/_next/static/chunks/009s_next_dist_0dsjh44._.js:2431
[  674940ms] [LOG] [Fast Refresh] done in 305ms @ http://localhost:3000/_next/static/chunks/009s_next_dist_0dsjh44._.js:2431
[  675127ms] [INFO] %cDownload the React DevTools for a better development experience: https://react.dev/link/react-devtools font-weight:bold @ http://localhost:3000/_next/static/chunks/009s_next_dist_0dsjh44._.js:2431
[  675168ms] [LOG] [HMR] connected @ http://localhost:3000/_next/static/chunks/009s_next_dist_0dsjh44._.js:2431
[  678441ms] [LOG] [Fast Refresh] rebuilding @ http://localhost:3000/_next/static/chunks/009s_next_dist_0dsjh44._.js:2431
[  678504ms] [LOG] [Fast Refresh] done in 169ms @ http://localhost:3000/_next/static/chunks/009s_next_dist_0dsjh44._.js:2431
[  689955ms] [LOG] [Fast Refresh] rebuilding @ http://localhost:3000/_next/static/chunks/009s_next_dist_0dsjh44._.js:2431
[  689972ms] [LOG] [Fast Refresh] done in 124ms @ http://localhost:3000/_next/static/chunks/009s_next_dist_0dsjh44._.js:2431
[  690269ms] [LOG] [Fast Refresh] rebuilding @ http://localhost:3000/_next/static/chunks/009s_next_dist_0dsjh44._.js:2431
[  690302ms] [LOG] [Fast Refresh] done in 137ms @ http://localhost:3000/_next/static/chunks/009s_next_dist_0dsjh44._.js:2431
[  690425ms] [LOG] [Fast Refresh] rebuilding @ http://localhost:3000/_next/static/chunks/009s_next_dist_0dsjh44._.js:2431
[  690463ms] [LOG] [Fast Refresh] done in 140ms @ http://localhost:3000/_next/static/chunks/009s_next_dist_0dsjh44._.js:2431
[  690573ms] [LOG] [Fast Refresh] rebuilding @ http://localhost:3000/_next/static/chunks/009s_next_dist_0dsjh44._.js:2431
[  690574ms] [LOG] [Fast Refresh] done in 110ms @ http://localhost:3000/_next/static/chunks/009s_next_dist_0dsjh44._.js:2431
[  690730ms] [LOG] [Fast Refresh] rebuilding @ http://localhost:3000/_next/static/chunks/009s_next_dist_0dsjh44._.js:2431
[  690748ms] [LOG] [Fast Refresh] done in 121ms @ http://localhost:3000/_next/static/chunks/009s_next_dist_0dsjh44._.js:2431
[  703047ms] [LOG] [Fast Refresh] rebuilding @ http://localhost:3000/_next/static/chunks/009s_next_dist_0dsjh44._.js:2431
[  704936ms] [WARNING] [Fast Refresh] performing full reload

Fast Refresh will perform a full reload when you edit a file that's imported by modules outside of the React rendering tree.
You might have a file which exports a React component but also exports a value that is imported by a non-React component file.
Consider migrating the non-React component export to a separate file and importing it into both files.

It is also possible the parent component of the component you edited is a class component, which disables Fast Refresh.
Fast Refresh requires at least one parent function component in your React tree. @ http://localhost:3000/_next/static/chunks/009s_next_dist_0dsjh44._.js:2431
[  704941ms] [LOG] [Fast Refresh] done in 1991ms @ http://localhost:3000/_next/static/chunks/009s_next_dist_0dsjh44._.js:2431
[  705120ms] [LOG] [Fast Refresh] rebuilding @ http://localhost:3000/_next/static/chunks/009s_next_dist_0dsjh44._.js:2431
[  705199ms] [LOG] [Fast Refresh] done in 188ms @ http://localhost:3000/_next/static/chunks/009s_next_dist_0dsjh44._.js:2431
[  705331ms] [LOG] [Fast Refresh] rebuilding @ http://localhost:3000/_next/static/chunks/009s_next_dist_0dsjh44._.js:2431
[  705491ms] [LOG] [Fast Refresh] done in 268ms @ http://localhost:3000/_next/static/chunks/009s_next_dist_0dsjh44._.js:2431
[  705625ms] [INFO] %cDownload the React DevTools for a better development experience: https://react.dev/link/react-devtools font-weight:bold @ http://localhost:3000/_next/static/chunks/009s_next_dist_0dsjh44._.js:2431
[  705671ms] [LOG] [HMR] connected @ http://localhost:3000/_next/static/chunks/009s_next_dist_0dsjh44._.js:2431
[  712181ms] [LOG] [Fast Refresh] rebuilding @ http://localhost:3000/_next/static/chunks/009s_next_dist_0dsjh44._.js:2431
[  712358ms] [LOG] [Fast Refresh] done in 273ms @ http://localhost:3000/_next/static/chunks/009s_next_dist_0dsjh44._.js:2431
[  712513ms] [LOG] [Fast Refresh] rebuilding @ http://localhost:3000/_next/static/chunks/009s_next_dist_0dsjh44._.js:2431
[  712612ms] [LOG] [Fast Refresh] done in 206ms @ http://localhost:3000/_next/static/chunks/009s_next_dist_0dsjh44._.js:2431
[  741941ms] [LOG] [Fast Refresh] rebuilding @ http://localhost:3000/_next/static/chunks/009s_next_dist_0dsjh44._.js:2431
[  744088ms] [WARNING] [Fast Refresh] performing full reload

Fast Refresh will perform a full reload when you edit a file that's imported by modules outside of the React rendering tree.
You might have a file which exports a React component but also exports a value that is imported by a non-React component file.
Consider migrating the non-React component export to a separate file and importing it into both files.

It is also possible the parent component of the component you edited is a class component, which disables Fast Refresh.
Fast Refresh requires at least one parent function component in your React tree. @ http://localhost:3000/_next/static/chunks/009s_next_dist_0dsjh44._.js:2431
[  744090ms] [LOG] [Fast Refresh] done in 2244ms @ http://localhost:3000/_next/static/chunks/009s_next_dist_0dsjh44._.js:2431
[  744283ms] [LOG] [Fast Refresh] rebuilding @ http://localhost:3000/_next/static/chunks/009s_next_dist_0dsjh44._.js:2431
[  744301ms] [LOG] [Fast Refresh] done in 128ms @ http://localhost:3000/_next/static/chunks/009s_next_dist_0dsjh44._.js:2431
[  744433ms] [LOG] [Fast Refresh] rebuilding @ http://localhost:3000/_next/static/chunks/009s_next_dist_0dsjh44._.js:2431
[  744602ms] [LOG] [Fast Refresh] done in 277ms @ http://localhost:3000/_next/static/chunks/009s_next_dist_0dsjh44._.js:2431
[  744788ms] [INFO] %cDownload the React DevTools for a better development experience: https://react.dev/link/react-devtools font-weight:bold @ http://localhost:3000/_next/static/chunks/009s_next_dist_0dsjh44._.js:2431
[  744831ms] [LOG] [HMR] connected @ http://localhost:3000/_next/static/chunks/009s_next_dist_0dsjh44._.js:2431
[  752662ms] [LOG] [Fast Refresh] rebuilding @ http://localhost:3000/_next/static/chunks/009s_next_dist_0dsjh44._.js:2431
[  754496ms] [WARNING] [Fast Refresh] performing full reload

Fast Refresh will perform a full reload when you edit a file that's imported by modules outside of the React rendering tree.
You might have a file which exports a React component but also exports a value that is imported by a non-React component file.
Consider migrating the non-React component export to a separate file and importing it into both files.

It is also possible the parent component of the component you edited is a class component, which disables Fast Refresh.
Fast Refresh requires at least one parent function component in your React tree. @ http://localhost:3000/_next/static/chunks/009s_next_dist_0dsjh44._.js:2431
[  754497ms] [LOG] [Fast Refresh] done in 1933ms @ http://localhost:3000/_next/static/chunks/009s_next_dist_0dsjh44._.js:2431
[  754600ms] [LOG] [Fast Refresh] rebuilding @ http://localhost:3000/_next/static/chunks/009s_next_dist_0dsjh44._.js:2431
[  754682ms] [LOG] [Fast Refresh] done in 183ms @ http://localhost:3000/_next/static/chunks/009s_next_dist_0dsjh44._.js:2431
[  754896ms] [LOG] [Fast Refresh] rebuilding @ http://localhost:3000/_next/static/chunks/009s_next_dist_0dsjh44._.js:2431
[  755090ms] [LOG] [Fast Refresh] done in 301ms @ http://localhost:3000/_next/static/chunks/009s_next_dist_0dsjh44._.js:2431
[  755224ms] [INFO] %cDownload the React DevTools for a better development experience: https://react.dev/link/react-devtools font-weight:bold @ http://localhost:3000/_next/static/chunks/009s_next_dist_0dsjh44._.js:2431
[  755265ms] [LOG] [HMR] connected @ http://localhost:3000/_next/static/chunks/009s_next_dist_0dsjh44._.js:2431
[  784069ms] [INFO] %cDownload the React DevTools for a better development experience: https://react.dev/link/react-devtools font-weight:bold @ http://localhost:3000/_next/static/chunks/009s_next_dist_0dsjh44._.js:2431
[  784103ms] [LOG] [HMR] connected @ http://localhost:3000/_next/static/chunks/009s_next_dist_0dsjh44._.js:2431
[  784664ms] [LOG] [Fast Refresh] rebuilding @ http://localhost:3000/_next/static/chunks/009s_next_dist_0dsjh44._.js:2431
[  784749ms] [LOG] [Fast Refresh] done in 193ms @ http://localhost:3000/_next/static/chunks/009s_next_dist_0dsjh44._.js:2431
[  784897ms] [INFO] Images loaded lazily and replaced with placeholders. Load events are deferred. See https://go.microsoft.com/fwlink/?linkid=2048113 @ http://localhost:3000/login:0
[  785337ms] [INFO] %cDownload the React DevTools for a better development experience: https://react.dev/link/react-devtools font-weight:bold @ http://localhost:3000/_next/static/chunks/009s_next_dist_0dsjh44._.js:2431
[  785377ms] [LOG] [HMR] connected @ http://localhost:3000/_next/static/chunks/009s_next_dist_0dsjh44._.js:2431
